
> client@0.0.0 build
> tsc -b && vite build

src/pages/kadrlar/add-employee/ui/tabs/personal-info/PersonalInfoTab.tsx(10,1): error TS6192: All imports in import declaration are unused.
src/pages/kadrlar/add-employee/ui/tabs/personal-info/PersonalInfoTab.tsx(107,13): error TS2741: Property 'role' is missing in type '{ id: string | number; label?: string | undefined; disabled?: boolean | undefined; fullName?: string | undefined; }' but required in type 'Option'.
src/pages/kadrlar/add-employee/ui/tabs/personal-info/PersonalInfoTab.tsx(108,13): error TS2741: Property 'role' is missing in type '{ id: string | number; label?: string | undefined; disabled?: boolean | undefined; fullName?: string | undefined; }' but required in type 'Option'.
src/pages/kadrlar/add-employee/ui/tabs/personal-info/PersonalInfoTab.tsx(109,13): error TS2741: Property 'role' is missing in type '{ id: string | number; label?: string | undefined; disabled?: boolean | undefined; fullName?: string | undefined; }' but required in type 'Option'.
src/pages/kadrlar/add-employee/ui/tabs/personal-info/PersonalInfoTab.tsx(112,13): error TS2741: Property 'role' is missing in type '{ id: string | number; label?: string | undefined; disabled?: boolean | undefined; fullName?: string | undefined; }' but required in type 'Option'.
src/pages/kadrlar/add-employee/ui/tabs/personal-info/PersonalInfoTab.tsx(114,13): error TS2741: Property 'role' is missing in type '{ id: string | number; label?: string | undefined; disabled?: boolean | undefined; fullName?: string | undefined; }' but required in type 'Option'.
src/pages/kadrlar/add-employee/ui/tabs/personal-info/PersonalInfoTab.tsx(117,13): error TS2741: Property 'role' is missing in type '{ id: string | number; label?: string | undefined; disabled?: boolean | undefined; fullName?: string | undefined; }' but required in type 'Option'.
src/pages/kadrlar/add-employee/ui/tabs/personal-info/PersonalInfoTab.tsx(128,32): error TS2345: Argument of type 'Option | null' is not assignable to parameter of type '{ id: string | number; label?: string | undefined; disabled?: boolean | undefined; fullName?: string | undefined; }'.
  Type 'null' is not assignable to type '{ id: string | number; label?: string | undefined; disabled?: boolean | undefined; fullName?: string | undefined; }'.
src/pages/kadrlar/add-employee/ui/tabs/personal-info/PersonalInfoTab.tsx(132,43): error TS2345: Argument of type 'Option | null' is not assignable to parameter of type '{ id: string | number; label?: string | undefined; disabled?: boolean | undefined; fullName?: string | undefined; }'.
  Type 'null' is not assignable to type '{ id: string | number; label?: string | undefined; disabled?: boolean | undefined; fullName?: string | undefined; }'.
src/pages/kadrlar/add-employee/ui/tabs/personal-info/PersonalInfoTab.tsx(136,37): error TS2345: Argument of type 'Option | null' is not assignable to parameter of type '{ id: string | number; label?: string | undefined; disabled?: boolean | undefined; fullName?: string | undefined; }'.
  Type 'null' is not assignable to type '{ id: string | number; label?: string | undefined; disabled?: boolean | undefined; fullName?: string | undefined; }'.
src/pages/kadrlar/add-employee/ui/tabs/personal-info/PersonalInfoTab.tsx(140,37): error TS2345: Argument of type 'Date | null' is not assignable to parameter of type 'Date'.
  Type 'null' is not assignable to type 'Date'.
src/pages/kadrlar/add-employee/ui/tabs/personal-info/PersonalInfoTab.tsx(144,37): error TS2345: Argument of type 'Option | null' is not assignable to parameter of type '{ id: string | number; label?: string | undefined; disabled?: boolean | undefined; fullName?: string | undefined; }'.
  Type 'null' is not assignable to type '{ id: string | number; label?: string | undefined; disabled?: boolean | undefined; fullName?: string | undefined; }'.
src/pages/kadrlar/add-employee/ui/tabs/personal-info/PersonalInfoTab.tsx(146,31): error TS7006: Parameter 'val' implicitly has an 'any' type.
src/pages/kadrlar/add-employee/ui/tabs/personal-info/PersonalInfoTab.tsx(152,31): error TS2345: Argument of type 'Option | null' is not assignable to parameter of type '{ id: string | number; label?: string | undefined; disabled?: boolean | undefined; fullName?: string | undefined; }'.
  Type 'null' is not assignable to type '{ id: string | number; label?: string | undefined; disabled?: boolean | undefined; fullName?: string | undefined; }'.
src/pages/kadrlar/add-employee/ui/tabs/personal-info/PersonalInfoTab.tsx(156,39): error TS2345: Argument of type 'Option | null' is not assignable to parameter of type '{ id: string | number; label?: string | undefined; disabled?: boolean | undefined; fullName?: string | undefined; }'.
  Type 'null' is not assignable to type '{ id: string | number; label?: string | undefined; disabled?: boolean | undefined; fullName?: string | undefined; }'.
src/pages/kadrlar/add-employee/ui/tabs/personal-info/PersonalInfoTab.tsx(182,11): error TS2322: Type '{ id: string | number; label?: string | undefined; disabled?: boolean | undefined; fullName?: string | undefined; } | null' is not assignable to type 'Option | null'.
  Property 'role' is missing in type '{ id: string | number; label?: string | undefined; disabled?: boolean | undefined; fullName?: string | undefined; }' but required in type 'Option'.
src/pages/kadrlar/add-employee/ui/tabs/personal-info/usePersonalInfoForm.ts(10,5): error TS2322: Type 'Resolver<{ fin: string; sirket: { id: string | number; label?: string | undefined; disabled?: boolean | undefined; fullName?: string | undefined; } | null; resmilesmeFormasi: { id: string | number; label?: string | undefined; disabled?: boolean | undefined; fullName?: string | undefined; } | null; ... 21 more ...; p...' is not assignable to type 'Resolver<{ documents: any[]; fin: string; contacts: any[]; pinChecked: boolean; sirket: { id: string | number; label?: string | undefined; disabled?: boolean | undefined; fullName?: string | undefined; }; ... 19 more ...; qeydiyyatUnvan?: string | undefined; }, any, { ...; }>'.
  Types of parameters 'options' and 'options' are incompatible.
    Type 'ResolverOptions<{ documents: any[]; fin: string; contacts: any[]; pinChecked: boolean; sirket: { id: string | number; label?: string | undefined; disabled?: boolean | undefined; fullName?: string | undefined; }; ... 19 more ...; qeydiyyatUnvan?: string | undefined; }>' is not assignable to type 'ResolverOptions<{ fin: string; sirket: { id: string | number; label?: string | undefined; disabled?: boolean | undefined; fullName?: string | undefined; } | null; resmilesmeFormasi: { id: string | number; label?: string | undefined; disabled?: boolean | undefined; fullName?: string | undefined; } | null; ... 21 more...'.
      Type 'any[] | undefined' is not assignable to type 'any[]'.
        Type 'undefined' is not assignable to type 'any[]'.
src/pages/kadrlar/add-employee/ui/tabs/personal-info/usePersonalInfoForm.ts(14,7): error TS2322: Type 'null' is not assignable to type '{ id?: string | number | undefined; label?: string | undefined; disabled?: boolean | undefined; fullName?: string | undefined; } | undefined'.
src/pages/kadrlar/add-employee/ui/tabs/personal-info/usePersonalInfoForm.ts(15,7): error TS2322: Type 'null' is not assignable to type '{ id?: string | number | undefined; label?: string | undefined; disabled?: boolean | undefined; fullName?: string | undefined; } | undefined'.
src/pages/kadrlar/add-employee/ui/tabs/personal-info/usePersonalInfoForm.ts(16,7): error TS2322: Type 'null' is not assignable to type '{ id?: string | number | undefined; label?: string | undefined; disabled?: boolean | undefined; fullName?: string | undefined; } | undefined'.
src/pages/kadrlar/add-employee/ui/tabs/personal-info/usePersonalInfoForm.ts(20,7): error TS2322: Type 'null' is not assignable to type 'Date | undefined'.
src/pages/kadrlar/add-employee/ui/tabs/personal-info/usePersonalInfoForm.ts(21,7): error TS2322: Type 'null' is not assignable to type '{ id?: string | number | undefined; label?: string | undefined; disabled?: boolean | undefined; fullName?: string | undefined; } | undefined'.
src/pages/kadrlar/add-employee/ui/tabs/personal-info/usePersonalInfoForm.ts(22,7): error TS2322: Type 'null' is not assignable to type '{ id?: string | number | undefined; label?: string | undefined; disabled?: boolean | undefined; fullName?: string | undefined; } | undefined'.
src/pages/kadrlar/add-employee/ui/tabs/personal-info/usePersonalInfoForm.ts(24,7): error TS2322: Type 'null' is not assignable to type '{ id?: string | number | undefined; label?: string | undefined; disabled?: boolean | undefined; fullName?: string | undefined; } | undefined'.
src/pages/kadrlar/add-employee/ui/tabs/personal-info/usePersonalInfoForm.ts(53,33): error TS2345: Argument of type '(data: PersonalInfoValues) => void' is not assignable to parameter of type 'SubmitHandler<TFieldValues>'.
  Types of parameters 'data' and 'data' are incompatible.
    Type 'TFieldValues' is not assignable to type '{ documents: any[]; fin: string; contacts: any[]; pinChecked: boolean; sirket: { id: string | number; label?: string | undefined; disabled?: boolean | undefined; fullName?: string | undefined; }; ... 19 more ...; qeydiyyatUnvan?: string | undefined; }'.
      Type 'FieldValues' is missing the following properties from type '{ documents: any[]; fin: string; contacts: any[]; pinChecked: boolean; sirket: { id: string | number; label?: string | undefined; disabled?: boolean | undefined; fullName?: string | undefined; }; ... 19 more ...; qeydiyyatUnvan?: string | undefined; }': documents, fin, contacts, pinChecked, and 17 more.
src/pages/kadrlar/details-employee/ui/EmployeeDetailsPage.tsx(4,27): error TS2322: Type '{ allowDirectStepClick: true; }' is not assignable to type 'IntrinsicAttributes'.
  Property 'allowDirectStepClick' does not exist on type 'IntrinsicAttributes'.
